// Jest Snapshot v1, https://goo.gl/fbAQLP

exports[`Oppsummering Snapshot 1`] = `
<div>
  <div
    class="sc-irTswW hafqVO"
  >
    <h1
      class="center navds-heading navds-heading--medium"
    >
      oppsummering.tittel
    </h1>
  </div>
  <div
    class="sc-irTswW hafqVO"
  >
    <p
      class="navds-body-long"
    >
      oppsummering.beskrivelse
    </p>
  </div>
  <br />
  <fieldset
    class="sc-beqWaB kWPIyU"
  >
    <div
      class="sc-gueYoa FJQFS false"
    >
      <button
        class="navds-button navds-button--primary navds-button--medium"
        type="button"
      >
        <span
          aria-live="polite"
          class="navds-label"
        >
          knapp.tilbake
        </span>
      </button>
      <button
        class="navds-button navds-button--primary navds-button--medium"
        type="button"
      >
        <span
          aria-live="polite"
          class="navds-label"
        >
          knapp.sendSoeknad
           
        </span>
      </button>
    </div>
  </fieldset>
  <div
    class="sc-gueYoa sc-dmqHEX FJQFS fYyOWz"
  >
    <button
      class="navds-button navds-button--secondary navds-button--medium"
      id="avbryt-btn"
      type="button"
    >
      <span
        aria-live="polite"
        class="navds-label"
      >
        knapp.avbryt
      </span>
    </button>
  </div>
</div>
`;
