// Jest Snapshot v1, https://goo.gl/fbAQLP

exports[`LoaderOverlay skal ikke vise loader 1`] = `<div />`;
