// Jest Snapshot v1, https://goo.gl/fbAQLP

exports[`SoknadKvittering skal matche snapshot 1`] = `
<div>
  <h1
    class="center navds-heading navds-heading--medium navds-typo--spacing"
  >
    soeknadKvittering.tittel
  </h1>
  <fieldset
    class="sc-bdfCDU iGBHmN"
  >
    <div
      class="navds-alert navds-alert--success navds-alert--medium"
    >
      <svg
        aria-labelledby="title-r0"
        class="navds-alert__icon"
        fill="none"
        focusable="false"
        height="1em"
        role="img"
        viewBox="0 0 24 24"
        width="1em"
        xmlns="http://www.w3.org/2000/svg"
      >
        <title
          id="title-r0"
        >
          Suksess
        </title>
        <path
          clip-rule="evenodd"
          d="M12 21.75c5.385 0 9.75-4.365 9.75-9.75S17.385 2.25 12 2.25 2.25 6.615 2.25 12s4.365 9.75 9.75 9.75Zm4.954-12.475a.813.813 0 0 0-1.24-1.05l-5.389 6.368L7.7 11.967a.812.812 0 0 0-1.15 1.15l3.25 3.25a.812.812 0 0 0 1.195-.05l5.959-7.042Z"
          fill="currentColor"
          fill-rule="evenodd"
        />
      </svg>
      <div
        class="navds-alert__wrapper navds-body-long navds-body-long--medium"
      >
        soeknadKvittering.mottatt
      </div>
    </div>
  </fieldset>
  <fieldset
    class="sc-bdfCDU iGBHmN"
  >
    <h1
      class="navds-heading navds-heading--small"
    >
      soeknadKvittering.seSaken.tittel
    </h1>
    <p
      class="navds-body-long navds-body-long--medium"
    >
      soeknadKvittering.seSaken.informasjon.innhold1
       
      <a
        class="navds-link navds-link--action"
        href="soeknadKvittering.seSaken.informasjon.lenkeMittNAV.href"
      >
        soeknadKvittering.seSaken.informasjon.lenkeMittNAV.tekst
      </a>
       
      soeknadKvittering.seSaken.informasjon.innhold2
       
      <a
        class="navds-link navds-link--action"
        href="soeknadKvittering.seSaken.informasjon.lenkeSaksbehandlingstid.href"
      >
        soeknadKvittering.seSaken.informasjon.lenkeSaksbehandlingstid.tekst
      </a>
    </p>
  </fieldset>
  <fieldset
    class="sc-bdfCDU iGBHmN"
  >
    <div
      class="navds-alert navds-alert--info navds-alert--medium"
    >
      <svg
        aria-labelledby="title-r1"
        class="navds-alert__icon"
        fill="none"
        focusable="false"
        height="1em"
        role="img"
        viewBox="0 0 24 24"
        width="1em"
        xmlns="http://www.w3.org/2000/svg"
      >
        <title
          id="title-r1"
        >
          Informasjon
        </title>
        <path
          clip-rule="evenodd"
          d="M3.25 4A.75.75 0 0 1 4 3.25h16a.75.75 0 0 1 .75.75v16a.75.75 0 0 1-.75.75H4a.75.75 0 0 1-.75-.75V4ZM11 7.75a1 1 0 1 1 2 0 1 1 0 0 1-2 0Zm-1.25 3a.75.75 0 0 1 .75-.75H12a.75.75 0 0 1 .75.75v4.75h.75a.75.75 0 0 1 0 1.5h-3a.75.75 0 0 1 0-1.5h.75v-4h-.75a.75.75 0 0 1-.75-.75Z"
          fill="currentColor"
          fill-rule="evenodd"
        />
      </svg>
      <div
        class="navds-alert__wrapper navds-body-long navds-body-long--medium"
      >
        <h1
          class="navds-heading navds-heading--small"
        >
          soeknadKvittering.endring.tittel
        </h1>
        <p
          class="navds-body-long navds-body-long--medium"
        >
          soeknadKvittering.endring.informasjon
        </p>
        <ul>
          <li>
            <p
              class="navds-body-short navds-body-short--medium"
            >
              soeknadKvittering.endring.endringsListe.sivilstatus
            </p>
          </li>
          <li>
            <p
              class="navds-body-short navds-body-short--medium"
            >
              soeknadKvittering.endring.endringsListe.inntekt
            </p>
          </li>
          <li>
            <p
              class="navds-body-short navds-body-short--medium"
            >
              soeknadKvittering.endring.endringsListe.bosted
            </p>
          </li>
        </ul>
        <p
          class="navds-body-long navds-body-long--medium"
        >
          soeknadKvittering.endring.rettigheter.informasjon
           
          <a
            class="navds-link navds-link--action"
            href="soeknadKvittering.endring.rettigheter.lenke.href"
          >
            soeknadKvittering.endring.rettigheter.lenke.tekst
          </a>
        </p>
      </div>
    </div>
  </fieldset>
  <fieldset
    class="sc-bdfCDU iGBHmN"
  >
    <h1
      class="navds-heading navds-heading--small"
    >
      soeknadKvittering.andreStoenader.tittel
    </h1>
    <p
      class="navds-body-long navds-body-long--medium"
    >
      soeknadKvittering.andreStoenader.informasjon
    </p>
    <ul>
      <li>
        <p
          class="navds-body-short navds-body-short--medium"
        >
          soeknadKvittering.andreStoenader.stoenadListe.skolepenger.tekst
        </p>
      </li>
      <li>
        <p
          class="navds-body-short navds-body-short--medium"
        >
          soeknadKvittering.andreStoenader.stoenadListe.barnetilsyn.tekst
        </p>
      </li>
      <li>
        <p
          class="navds-body-short navds-body-short--medium"
        >
          soeknadKvittering.andreStoenader.stoenadListe.barnetrygd.tekst
        </p>
      </li>
    </ul>
    <p
      class="navds-body-short navds-body-short--medium navds-typo--spacing"
    >
      soeknadKvittering.andreStoenader.andreInformasjon
      <a
        class="navds-link navds-link--action"
        href="soeknadKvittering.andreStoenader.stoenadListe.tillegg.href"
      >
        soeknadKvittering.andreStoenader.stoenadListe.tillegg.tekst
      </a>
    </p>
    <br />
  </fieldset>
  <fieldset
    class="sc-bdfCDU iGBHmN"
  >
    <section
      class="sc-hKgKIp jZdyrG"
    >
      <button
        class="navds-button navds-button--secondary navds-button--medium"
        type="button"
      >
        <span
          class="navds-label"
        >
          soeknadKvittering.spoersmaal.knapp
        </span>
      </button>
    </section>
  </fieldset>
</div>
`;
