// Vitest Snapshot v1, https://vitest.dev/guide/snapshot.html

exports[`Oppsummering > Snapshot 1`] = `
<div>
  <div
    class="sc-jZTQcj etsbTK"
  >
    <h1
      class="center navds-heading navds-heading--medium"
    >
      oppsummering.tittel
    </h1>
  </div>
  <div
    class="sc-jZTQcj etsbTK"
  >
    <p
      class="navds-body-long navds-body-long--medium"
    >
      oppsummering.beskrivelse
    </p>
  </div>
  <div
    class="navds-accordion navds-accordion--medium navds-accordion--indent"
  >
    <div
      class="navds-accordion__item"
      data-expanded="false"
    >
      <button
        aria-expanded="false"
        class="navds-accordion__header"
        type="button"
      >
        <span
          class="navds-accordion__icon-wrapper"
        >
          <svg
            aria-hidden="true"
            class="navds-accordion__header-chevron"
            fill="none"
            focusable="false"
            height="1em"
            role="img"
            viewBox="0 0 24 24"
            width="1em"
            xmlns="http://www.w3.org/2000/svg"
          >
            <path
              clip-rule="evenodd"
              d="M5.97 9.47a.75.75 0 0 1 1.06 0L12 14.44l4.97-4.97a.75.75 0 1 1 1.06 1.06l-5.5 5.5a.75.75 0 0 1-1.06 0l-5.5-5.5a.75.75 0 0 1 0-1.06"
              fill="currentColor"
              fill-rule="evenodd"
            />
          </svg>
        </span>
        <span
          class="navds-accordion__header-content navds-heading navds-heading--small"
        >
          steg.OmDeg
        </span>
      </button>
      <div
        aria-hidden="true"
        class="navds-accordion__content navds-accordion__content--closed navds-body-long navds-body-long--medium"
      >
        <div
          class="navds-r-p navds-box navds-box-bg navds-box-border-width"
          style="--__ac-r-p-xs: var(--a-spacing-4); --__ac-box-background: var(--a-surface-default); --__ac-box-border-width: 0px;"
        >
          <h1
            class="navds-heading navds-heading--small"
          >
            omDeg.undertittel.personalia
          </h1>
          <div
            class="tekstgruppe"
          >
            <label
              class="navds-label"
            >
              felles.navn
            </label>
            <p
              class="navds-body-short navds-body-short--medium"
            >
              undefined undefined
            </p>
          </div>
          <div
            class="tekstgruppe"
          >
            <label
              class="navds-label"
            >
              felles.statsborgerskap
            </label>
            <p
              class="navds-body-short navds-body-short--medium"
            />
          </div>
        </div>
        <div
          class="navds-r-p navds-box navds-box-bg navds-box-border-width"
          style="--__ac-r-p-xs: var(--a-spacing-4); --__ac-box-background: var(--a-surface-default); --__ac-box-border-width: 0px;"
        />
        <a
          class=""
          data-discover="true"
          href="/skjema/steg/om-deg"
        >
          <svg
            aria-hidden="true"
            fill="none"
            focusable="false"
            height="1em"
            role="img"
            viewBox="0 0 24 24"
            width="1em"
            xmlns="http://www.w3.org/2000/svg"
          >
            <path
              clip-rule="evenodd"
              d="M22.835 6.788a3.976 3.976 0 1 0-5.623-5.623L15.895 2.48l5.624 5.624 1.316-1.317Zm-2.73 2.73L8.073 21.55.682 24 0 23.318l2.45-7.392 12.03-12.03 5.625 5.623Z"
              fill="currentColor"
              fill-rule="evenodd"
            />
          </svg>
          <span
            style="padding-left: 0.25rem;"
          >
            endreSvarOppsummering.om-deg
          </span>
        </a>
      </div>
    </div>
    <div
      class="navds-accordion__item"
      data-expanded="false"
    >
      <button
        aria-expanded="false"
        class="navds-accordion__header"
        type="button"
      >
        <span
          class="navds-accordion__icon-wrapper"
        >
          <svg
            aria-hidden="true"
            class="navds-accordion__header-chevron"
            fill="none"
            focusable="false"
            height="1em"
            role="img"
            viewBox="0 0 24 24"
            width="1em"
            xmlns="http://www.w3.org/2000/svg"
          >
            <path
              clip-rule="evenodd"
              d="M5.97 9.47a.75.75 0 0 1 1.06 0L12 14.44l4.97-4.97a.75.75 0 1 1 1.06 1.06l-5.5 5.5a.75.75 0 0 1-1.06 0l-5.5-5.5a.75.75 0 0 1 0-1.06"
              fill="currentColor"
              fill-rule="evenodd"
            />
          </svg>
        </span>
        <span
          class="navds-accordion__header-content navds-heading navds-heading--small"
        >
          steg.OmAvdoed
        </span>
      </button>
      <div
        aria-hidden="true"
        class="navds-accordion__content navds-accordion__content--closed navds-body-long navds-body-long--medium"
      >
        <div
          class="navds-r-p navds-box navds-box-bg navds-box-border-width"
          style="--__ac-r-p-xs: var(--a-spacing-4); --__ac-box-background: var(--a-surface-default); --__ac-box-border-width: 0px;"
        >
          <h1
            class="navds-heading navds-heading--small"
          >
            omDeg.undertittel.personalia
          </h1>
          <div
            class="tekstgruppe"
          >
            <label
              class="navds-label"
            >
              felles.fornavn
            </label>
            <p
              class="navds-body-short navds-body-short--medium"
            />
          </div>
          <div
            class="tekstgruppe"
          >
            <label
              class="navds-label"
            >
              felles.etternavn
            </label>
            <p
              class="navds-body-short navds-body-short--medium"
            />
          </div>
          <div
            class="tekstgruppe"
          >
            <label
              class="navds-label"
            >
              felles.statsborgerskap
            </label>
            <p
              class="navds-body-short navds-body-short--medium"
            />
          </div>
          <div
            class="tekstgruppe"
          >
            <label
              class="navds-label"
            >
              omDenAvdoede.datoForDoedsfallet
            </label>
            <p
              class="navds-body-short navds-body-short--medium"
            />
          </div>
          <div
            class="tekstgruppe"
          >
            <label
              class="navds-label"
            >
              omDenAvdoede.doedsfallAarsak
            </label>
            <p
              class="navds-body-short navds-body-short--medium"
            />
          </div>
        </div>
        <div
          class="navds-r-p navds-box navds-box-bg navds-box-border-width"
          style="--__ac-r-p-xs: var(--a-spacing-4); --__ac-box-background: var(--a-surface-default); --__ac-box-border-width: 0px;"
        >
          <h1
            class="navds-heading navds-heading--small"
          >
            omDenAvdoede.boddEllerJobbetUtland.tittel
          </h1>
          <div
            class="tekstgruppe"
          >
            <label
              class="navds-label"
            >
              omDenAvdoede.boddEllerJobbetUtland.svar
            </label>
            <p
              class="navds-body-short navds-body-short--medium"
            />
          </div>
        </div>
        <a
          class=""
          data-discover="true"
          href="/skjema/steg/om-den-avdoede"
        >
          <svg
            aria-hidden="true"
            fill="none"
            focusable="false"
            height="1em"
            role="img"
            viewBox="0 0 24 24"
            width="1em"
            xmlns="http://www.w3.org/2000/svg"
          >
            <path
              clip-rule="evenodd"
              d="M22.835 6.788a3.976 3.976 0 1 0-5.623-5.623L15.895 2.48l5.624 5.624 1.316-1.317Zm-2.73 2.73L8.073 21.55.682 24 0 23.318l2.45-7.392 12.03-12.03 5.625 5.623Z"
              fill="currentColor"
              fill-rule="evenodd"
            />
          </svg>
          <span
            style="padding-left: 0.25rem;"
          >
            endreSvarOppsummering.om-den-avdoede
          </span>
        </a>
      </div>
    </div>
    <div
      class="navds-accordion__item"
      data-expanded="false"
    >
      <button
        aria-expanded="false"
        class="navds-accordion__header"
        type="button"
      >
        <span
          class="navds-accordion__icon-wrapper"
        >
          <svg
            aria-hidden="true"
            class="navds-accordion__header-chevron"
            fill="none"
            focusable="false"
            height="1em"
            role="img"
            viewBox="0 0 24 24"
            width="1em"
            xmlns="http://www.w3.org/2000/svg"
          >
            <path
              clip-rule="evenodd"
              d="M5.97 9.47a.75.75 0 0 1 1.06 0L12 14.44l4.97-4.97a.75.75 0 1 1 1.06 1.06l-5.5 5.5a.75.75 0 0 1-1.06 0l-5.5-5.5a.75.75 0 0 1 0-1.06"
              fill="currentColor"
              fill-rule="evenodd"
            />
          </svg>
        </span>
        <span
          class="navds-accordion__header-content navds-heading navds-heading--small"
        >
          steg.OmDegOgAvdoed
        </span>
      </button>
      <div
        aria-hidden="true"
        class="navds-accordion__content navds-accordion__content--closed navds-body-long navds-body-long--medium"
      >
        <div
          class="navds-r-p navds-box navds-box-bg navds-box-border-width"
          style="--__ac-r-p-xs: var(--a-spacing-4); --__ac-box-background: var(--a-surface-default); --__ac-box-border-width: 0px;"
        />
        <a
          class=""
          data-discover="true"
          href="/skjema/steg/om-deg-og-avdoed"
        >
          <svg
            aria-hidden="true"
            fill="none"
            focusable="false"
            height="1em"
            role="img"
            viewBox="0 0 24 24"
            width="1em"
            xmlns="http://www.w3.org/2000/svg"
          >
            <path
              clip-rule="evenodd"
              d="M22.835 6.788a3.976 3.976 0 1 0-5.623-5.623L15.895 2.48l5.624 5.624 1.316-1.317Zm-2.73 2.73L8.073 21.55.682 24 0 23.318l2.45-7.392 12.03-12.03 5.625 5.623Z"
              fill="currentColor"
              fill-rule="evenodd"
            />
          </svg>
          <span
            style="padding-left: 0.25rem;"
          >
            endreSvarOppsummering.om-deg-og-avdoed
          </span>
        </a>
      </div>
    </div>
    <div
      class="navds-accordion__item"
      data-expanded="false"
    >
      <button
        aria-expanded="false"
        class="navds-accordion__header"
        type="button"
      >
        <span
          class="navds-accordion__icon-wrapper"
        >
          <svg
            aria-hidden="true"
            class="navds-accordion__header-chevron"
            fill="none"
            focusable="false"
            height="1em"
            role="img"
            viewBox="0 0 24 24"
            width="1em"
            xmlns="http://www.w3.org/2000/svg"
          >
            <path
              clip-rule="evenodd"
              d="M5.97 9.47a.75.75 0 0 1 1.06 0L12 14.44l4.97-4.97a.75.75 0 1 1 1.06 1.06l-5.5 5.5a.75.75 0 0 1-1.06 0l-5.5-5.5a.75.75 0 0 1 0-1.06"
              fill="currentColor"
              fill-rule="evenodd"
            />
          </svg>
        </span>
        <span
          class="navds-accordion__header-content navds-heading navds-heading--small"
        >
          steg.SituasjonenDin
        </span>
      </button>
      <div
        aria-hidden="true"
        class="navds-accordion__content navds-accordion__content--closed navds-body-long navds-body-long--medium"
      >
        <div
          class="navds-r-p navds-box navds-box-bg navds-box-border-width"
          style="--__ac-r-p-xs: var(--a-spacing-4); --__ac-box-background: var(--a-surface-default); --__ac-box-border-width: 0px;"
        />
        <div
          class="navds-r-p navds-box navds-box-bg navds-box-border-width"
          style="--__ac-r-p-xs: var(--a-spacing-4); --__ac-box-background: var(--a-surface-default); --__ac-box-border-width: 0px;"
        >
          <h1
            class="navds-heading navds-heading--small"
          >
            situasjonenDin.omsorgForBarn.tittel
          </h1>
          <div
            class="tekstgruppe"
          >
            <label
              class="navds-label"
            >
              situasjonenDin.omsorgMinstFemti
            </label>
            <p
              class="navds-body-short navds-body-short--medium"
            />
          </div>
          <div
            class="tekstgruppe"
          >
            <label
              class="navds-label"
            >
              situasjonenDin.gravidEllerNyligFoedt
            </label>
            <p
              class="navds-body-short navds-body-short--medium"
            />
          </div>
        </div>
        <div
          class="navds-r-p navds-box navds-box-bg navds-box-border-width"
          style="--__ac-r-p-xs: var(--a-spacing-4); --__ac-box-background: var(--a-surface-default); --__ac-box-border-width: 0px;"
        >
          <h1
            class="navds-heading navds-heading--small"
          >
            situasjonenDin.oppholdUtenforNorge.tittel
          </h1>
          <div
            class="tekstgruppe"
          >
            <label
              class="navds-label"
            >
              situasjonenDin.bosattINorge
            </label>
            <p
              class="navds-body-short navds-body-short--medium"
            />
          </div>
        </div>
        <a
          class=""
          data-discover="true"
          href="/skjema/steg/situasjonen-din"
        >
          <svg
            aria-hidden="true"
            fill="none"
            focusable="false"
            height="1em"
            role="img"
            viewBox="0 0 24 24"
            width="1em"
            xmlns="http://www.w3.org/2000/svg"
          >
            <path
              clip-rule="evenodd"
              d="M22.835 6.788a3.976 3.976 0 1 0-5.623-5.623L15.895 2.48l5.624 5.624 1.316-1.317Zm-2.73 2.73L8.073 21.55.682 24 0 23.318l2.45-7.392 12.03-12.03 5.625 5.623Z"
              fill="currentColor"
              fill-rule="evenodd"
            />
          </svg>
          <span
            style="padding-left: 0.25rem;"
          >
            endreSvarOppsummering.situasjonen-din
          </span>
        </a>
      </div>
    </div>
    <div
      class="navds-accordion__item"
      data-expanded="false"
    >
      <button
        aria-expanded="false"
        class="navds-accordion__header"
        type="button"
      >
        <span
          class="navds-accordion__icon-wrapper"
        >
          <svg
            aria-hidden="true"
            class="navds-accordion__header-chevron"
            fill="none"
            focusable="false"
            height="1em"
            role="img"
            viewBox="0 0 24 24"
            width="1em"
            xmlns="http://www.w3.org/2000/svg"
          >
            <path
              clip-rule="evenodd"
              d="M5.97 9.47a.75.75 0 0 1 1.06 0L12 14.44l4.97-4.97a.75.75 0 1 1 1.06 1.06l-5.5 5.5a.75.75 0 0 1-1.06 0l-5.5-5.5a.75.75 0 0 1 0-1.06"
              fill="currentColor"
              fill-rule="evenodd"
            />
          </svg>
        </span>
        <span
          class="navds-accordion__header-content navds-heading navds-heading--small"
        >
          steg.MerOmSituasjonenDin
        </span>
      </button>
      <div
        aria-hidden="true"
        class="navds-accordion__content navds-accordion__content--closed navds-body-long navds-body-long--medium"
      >
        <div
          class="navds-r-p navds-box navds-box-bg navds-box-border-width"
          style="--__ac-r-p-xs: var(--a-spacing-4); --__ac-box-background: var(--a-surface-default); --__ac-box-border-width: 0px;"
        >
          <h1
            class="navds-heading navds-heading--small"
          >
            merOmSituasjonenDin.jobbStatus.tittel
          </h1>
          <div
            class="tekstgruppe"
          >
            <label
              class="navds-label"
            >
              merOmSituasjonenDin.jobbStatus
            </label>
            <p
              class="navds-body-short navds-body-short--medium"
            />
          </div>
        </div>
        <div
          class="navds-r-p navds-box navds-box-bg navds-box-border-width"
          style="--__ac-r-p-xs: var(--a-spacing-4); --__ac-box-background: var(--a-surface-default); --__ac-box-border-width: 0px;"
        >
          <h1
            class="navds-heading navds-heading--small"
          >
            merOmSituasjonenDin.utdanning.tittelFullfoert
          </h1>
          <div
            class="tekstgruppe"
          >
            <label
              class="navds-label"
            >
              merOmSituasjonenDin.utdanning.hoyesteFullfoerteUtdanning
            </label>
            <p
              class="navds-body-short navds-body-short--medium"
            />
          </div>
        </div>
        <a
          class=""
          data-discover="true"
          href="/skjema/steg/mer-om-situasjonen-din"
        >
          <svg
            aria-hidden="true"
            fill="none"
            focusable="false"
            height="1em"
            role="img"
            viewBox="0 0 24 24"
            width="1em"
            xmlns="http://www.w3.org/2000/svg"
          >
            <path
              clip-rule="evenodd"
              d="M22.835 6.788a3.976 3.976 0 1 0-5.623-5.623L15.895 2.48l5.624 5.624 1.316-1.317Zm-2.73 2.73L8.073 21.55.682 24 0 23.318l2.45-7.392 12.03-12.03 5.625 5.623Z"
              fill="currentColor"
              fill-rule="evenodd"
            />
          </svg>
          <span
            style="padding-left: 0.25rem;"
          >
            endreSvarOppsummering.mer-om-situasjonen-din
          </span>
        </a>
      </div>
    </div>
    <div
      class="navds-accordion__item"
      data-expanded="false"
    >
      <button
        aria-expanded="false"
        class="navds-accordion__header"
        type="button"
      >
        <span
          class="navds-accordion__icon-wrapper"
        >
          <svg
            aria-hidden="true"
            class="navds-accordion__header-chevron"
            fill="none"
            focusable="false"
            height="1em"
            role="img"
            viewBox="0 0 24 24"
            width="1em"
            xmlns="http://www.w3.org/2000/svg"
          >
            <path
              clip-rule="evenodd"
              d="M5.97 9.47a.75.75 0 0 1 1.06 0L12 14.44l4.97-4.97a.75.75 0 1 1 1.06 1.06l-5.5 5.5a.75.75 0 0 1-1.06 0l-5.5-5.5a.75.75 0 0 1 0-1.06"
              fill="currentColor"
              fill-rule="evenodd"
            />
          </svg>
        </span>
        <span
          class="navds-accordion__header-content navds-heading navds-heading--small"
        >
          steg.InntektenDin
        </span>
      </button>
      <div
        aria-hidden="true"
        class="navds-accordion__content navds-accordion__content--closed navds-body-long navds-body-long--medium"
      >
        <div
          class="navds-r-p navds-box navds-box-bg navds-box-border-width"
          style="--__ac-r-p-xs: var(--a-spacing-4); --__ac-box-background: var(--a-surface-default); --__ac-box-border-width: 0px;"
        >
          <h1
            class="navds-heading navds-heading--small"
          >
            inntektenDin.undertittel
          </h1>
          <div
            class="tekstgruppe"
          >
            <label
              class="navds-label"
            >
              inntektenDin.inntektstyper
            </label>
            <p
              class="navds-body-short navds-body-short--medium"
            />
          </div>
        </div>
        <div
          class="navds-r-p navds-box navds-box-bg navds-box-border-width"
          style="--__ac-r-p-xs: var(--a-spacing-4); --__ac-box-background: var(--a-surface-default); --__ac-box-border-width: 0px;"
        >
          <h1
            class="navds-heading navds-heading--small"
          >
            inntektenDin.ytelserNAV.tittel
          </h1>
          <div
            class="tekstgruppe"
          >
            <label
              class="navds-label"
            >
              inntektenDin.ytelserNAV.svar
            </label>
            <p
              class="navds-body-short navds-body-short--medium"
            />
          </div>
        </div>
        <div
          class="navds-r-p navds-box navds-box-bg navds-box-border-width"
          style="--__ac-r-p-xs: var(--a-spacing-4); --__ac-box-background: var(--a-surface-default); --__ac-box-border-width: 0px;"
        >
          <h1
            class="navds-heading navds-heading--small"
          >
            inntektenDin.ytelserAndre.tittel
          </h1>
          <div
            class="tekstgruppe"
          >
            <label
              class="navds-label"
            >
              inntektenDin.ytelserAndre.svar
            </label>
            <p
              class="navds-body-short navds-body-short--medium"
            />
          </div>
        </div>
        <a
          class=""
          data-discover="true"
          href="/skjema/steg/inntekten-din"
        >
          <svg
            aria-hidden="true"
            fill="none"
            focusable="false"
            height="1em"
            role="img"
            viewBox="0 0 24 24"
            width="1em"
            xmlns="http://www.w3.org/2000/svg"
          >
            <path
              clip-rule="evenodd"
              d="M22.835 6.788a3.976 3.976 0 1 0-5.623-5.623L15.895 2.48l5.624 5.624 1.316-1.317Zm-2.73 2.73L8.073 21.55.682 24 0 23.318l2.45-7.392 12.03-12.03 5.625 5.623Z"
              fill="currentColor"
              fill-rule="evenodd"
            />
          </svg>
          <span
            style="padding-left: 0.25rem;"
          >
            endreSvarOppsummering.inntekten-din
          </span>
        </a>
      </div>
    </div>
    <div
      class="navds-accordion__item"
      data-expanded="false"
    >
      <button
        aria-expanded="false"
        class="navds-accordion__header"
        type="button"
      >
        <span
          class="navds-accordion__icon-wrapper"
        >
          <svg
            aria-hidden="true"
            class="navds-accordion__header-chevron"
            fill="none"
            focusable="false"
            height="1em"
            role="img"
            viewBox="0 0 24 24"
            width="1em"
            xmlns="http://www.w3.org/2000/svg"
          >
            <path
              clip-rule="evenodd"
              d="M5.97 9.47a.75.75 0 0 1 1.06 0L12 14.44l4.97-4.97a.75.75 0 1 1 1.06 1.06l-5.5 5.5a.75.75 0 0 1-1.06 0l-5.5-5.5a.75.75 0 0 1 0-1.06"
              fill="currentColor"
              fill-rule="evenodd"
            />
          </svg>
        </span>
        <span
          class="navds-accordion__header-content navds-heading navds-heading--small"
        >
          omBarn.tittel
        </span>
      </button>
      <div
        aria-hidden="true"
        class="navds-accordion__content navds-accordion__content--closed navds-body-long navds-body-long--medium"
      >
        <div
          class="navds-r-p navds-box navds-box-bg navds-box-border-width"
          style="--__ac-r-p-xs: var(--a-spacing-4); --__ac-box-background: var(--a-surface-default); --__ac-box-border-width: 0px;"
        >
          <p
            class="navds-body-short navds-body-short--medium"
          >
            omBarn.ikkeSoekt
          </p>
        </div>
        <a
          class=""
          data-discover="true"
          href="/skjema/steg/om-barn"
        >
          <svg
            aria-hidden="true"
            fill="none"
            focusable="false"
            height="1em"
            role="img"
            viewBox="0 0 24 24"
            width="1em"
            xmlns="http://www.w3.org/2000/svg"
          >
            <path
              clip-rule="evenodd"
              d="M22.835 6.788a3.976 3.976 0 1 0-5.623-5.623L15.895 2.48l5.624 5.624 1.316-1.317Zm-2.73 2.73L8.073 21.55.682 24 0 23.318l2.45-7.392 12.03-12.03 5.625 5.623Z"
              fill="currentColor"
              fill-rule="evenodd"
            />
          </svg>
          <span
            style="padding-left: 0.25rem;"
          >
            endreSvarOppsummering.om-barn
          </span>
        </a>
      </div>
    </div>
  </div>
  <br />
  <fieldset
    class="sc-FEMpB bgtUhq"
  >
    <div
      class="sc-gjcoXW fVjirf false"
    >
      <button
        class="navds-button navds-button--secondary navds-button--medium"
        type="button"
      >
        <span
          class="navds-label"
        >
          knapp.tilbake
        </span>
      </button>
      <button
        class="navds-button navds-button--primary navds-button--medium"
        type="button"
      >
        <span
          class="navds-label"
        >
          knapp.sendSoeknad
           
        </span>
      </button>
    </div>
  </fieldset>
  <div
    class="sc-gjcoXW sc-dVBluf fVjirf dYOZHH"
  >
    <button
      class="navds-button navds-button--tertiary navds-button--medium"
      id="avbryt-btn"
      type="button"
    >
      <span
        class="navds-label"
      >
        knapp.avbryt
      </span>
    </button>
  </div>
  <dialog
    aria-label="avbrytModal.spoersmaal"
    class="navds-modal navds-modal--polyfilled navds-modal--autowidth"
    role="dialog"
  >
    <div
      class="navds-modal__header"
    >
      <button
        class="navds-modal__button navds-button navds-button--tertiary-neutral navds-button--small navds-button--icon-only"
        type="button"
      >
        <span
          class="navds-button__icon"
        >
          <svg
            aria-labelledby="title-rg"
            fill="none"
            focusable="false"
            height="1em"
            role="img"
            viewBox="0 0 24 24"
            width="1em"
            xmlns="http://www.w3.org/2000/svg"
          >
            <title
              id="title-rg"
            >
              Lukk
            </title>
            <path
              d="M6.53 5.47a.75.75 0 0 0-1.06 1.06L10.94 12l-5.47 5.47a.75.75 0 1 0 1.06 1.06L12 13.06l5.47 5.47a.75.75 0 1 0 1.06-1.06L13.06 12l5.47-5.47a.75.75 0 0 0-1.06-1.06L12 10.94z"
              fill="currentColor"
            />
          </svg>
        </span>
      </button>
      <h1
        class="navds-heading navds-heading--medium"
      >
        avbrytModal.spoersmaal
      </h1>
    </div>
    <div
      class="navds-modal__body"
    >
      <p
        class="mute avbryt-text navds-body-short navds-body-short--medium"
      >
        avbrytModal.informasjon
      </p>
    </div>
    <div
      class="navds-modal__footer"
    >
      <div
        class="sc-cMqPwU gReTQr"
      >
        <button
          class="navds-button navds-button--secondary navds-button--medium"
          id="avbryt-nei-btn"
          style="margin: 10px;"
          type="button"
        >
          <span
            class="navds-label"
          >
            avbrytModal.svarNei
          </span>
        </button>
        <button
          class="navds-button navds-button--primary navds-button--medium"
          id="avbryt-ja-btn"
          style="margin: 10px;"
          type="button"
        >
          <span
            class="navds-label"
          >
            avbrytModal.svarJa
          </span>
        </button>
      </div>
      <div
        class="sc-cMqPwU gReTQr"
      >
        <button
          class="navds-button navds-button--tertiary navds-button--medium"
          id="slett-soeknad"
          style="color: var(--a-surface-danger);"
          type="button"
        >
          <span
            class="navds-label"
          >
            avbrytModal.svarSlett
          </span>
        </button>
      </div>
    </div>
  </dialog>
  <dialog
    aria-label="oppsummering.sendSoeknad.tittel"
    class="navds-modal navds-modal--polyfilled navds-modal--autowidth"
    data-testid="spoersmaal-modal"
    role="dialog"
  >
    <div
      class="navds-modal__header"
    >
      <button
        class="navds-modal__button navds-button navds-button--tertiary-neutral navds-button--small navds-button--icon-only"
        type="button"
      >
        <span
          class="navds-button__icon"
        >
          <svg
            aria-labelledby="title-rj"
            fill="none"
            focusable="false"
            height="1em"
            role="img"
            viewBox="0 0 24 24"
            width="1em"
            xmlns="http://www.w3.org/2000/svg"
          >
            <title
              id="title-rj"
            >
              Lukk
            </title>
            <path
              d="M6.53 5.47a.75.75 0 0 0-1.06 1.06L10.94 12l-5.47 5.47a.75.75 0 1 0 1.06 1.06L12 13.06l5.47 5.47a.75.75 0 1 0 1.06-1.06L13.06 12l5.47-5.47a.75.75 0 0 0-1.06-1.06L12 10.94z"
              fill="currentColor"
            />
          </svg>
        </span>
      </button>
      <h1
        class="navds-heading navds-heading--medium"
      >
        oppsummering.sendSoeknad.tittel
      </h1>
    </div>
    <div
      class="navds-modal__body"
    >
      <p
        class="navds-body-long navds-body-long--medium"
      >
        oppsummering.sendSoeknad.innhold
      </p>
    </div>
    <div
      class="navds-modal__footer"
    >
      <button
        class="navds-button navds-button--primary navds-button--medium"
        id="avbryt-nei-btn"
        style="margin: 10px;"
        type="button"
      >
        <span
          class="navds-label"
        >
          knapp.ja
        </span>
      </button>
      <button
        class="navds-button navds-button--secondary navds-button--medium"
        id="avbryt-ja-btn"
        style="margin: 10px;"
        type="button"
      >
        <span
          class="navds-label"
        >
          knapp.nei
        </span>
      </button>
    </div>
  </dialog>
</div>
`;
