// Jest Snapshot v1, https://goo.gl/fbAQLP

exports[`Om den avd√∏de Snapshot 1`] = `
<div>
  <form>
    <div
      class="sc-jsMahE iLNtlK"
    >
      <h1
        class="center navds-heading navds-heading--medium"
      >
        omBarn.tittel
      </h1>
    </div>
    <div
      class="sc-jsMahE iLNtlK"
    >
      <div
        class="navds-panel navds-panel--border"
      >
        <div
          class="navds-alert--inline navds-alert navds-alert--info navds-alert--medium"
        >
          <svg
            aria-labelledby="title-r0"
            class="navds-alert__icon"
            fill="none"
            focusable="false"
            height="1em"
            role="img"
            viewBox="0 0 24 24"
            width="1em"
            xmlns="http://www.w3.org/2000/svg"
          >
            <title
              id="title-r0"
            >
              Informasjon
            </title>
            <path
              clip-rule="evenodd"
              d="M12 0c6.627 0 12 5.373 12 12s-5.373 12-12 12S0 18.627 0 12 5.373 0 12 0ZM9 19v-2h2v-5H9v-2h4v7h2v2H9Zm3-14a1.5 1.5 0 1 1 0 3 1.5 1.5 0 0 1 0-3Z"
              fill="currentColor"
              fill-rule="evenodd"
            />
          </svg>
          <div
            class="navds-alert__wrapper navds-body-long"
          >
            <p
              class="navds-body-short navds-body-short--small"
            >
              omBarn.informasjon
            </p>
          </div>
        </div>
      </div>
    </div>
    <fieldset
      class="sc-beqWaB kWPIyU"
    >
      <div
        class="sc-hIqOWS jDiEwI"
      >
        <div
          class="sc-gLDzan jZdOjA"
        >
          <div
            class="sc-eDDNvR gNRAeQ"
          >
            <img
              alt="barn"
              src="barn1.svg"
            />
          </div>
          <div
            class="sc-jTrPJq dWNTiq"
          >
            <div
              class="sc-dnwKUv cOiLvv"
            >
              <button
                class="navds-button navds-button--primary navds-button--medium"
                data-testid="legg-til-barn-knapp"
                type="button"
              >
                <span
                  aria-live="polite"
                  class="navds-label"
                >
                  knapp.leggTilBarn
                </span>
              </button>
            </div>
            <p
              class="center mute navds-body-short navds-body-short--small"
            >
              omBarn.valgfritt
            </p>
          </div>
        </div>
      </div>
    </fieldset>
    <div
      class="sc-jsMahE iLNtlK"
    >
      <div
        id="gravidEllerNyligFoedt"
      >
        <fieldset
          aria-invalid="false"
          class="sc-fbJfA jbbuKd navds-radio-group navds-radio-group--medium navds-fieldset navds-fieldset--medium"
        >
          <legend
            class="navds-fieldset__legend navds-label"
          >
            omBarn.gravidEllerNyligFoedt
          </legend>
          <div
            class="navds-radio-buttons"
          >
            <div
              class="radioBorder navds-radio navds-radio--medium"
            >
              <input
                aria-invalid="false"
                class="navds-radio__input"
                id="radio-r3"
                name="gravidEllerNyligFoedt"
                type="radio"
                value="radiobuttons.ja"
              />
              <label
                class="navds-radio__label"
                for="radio-r3"
              >
                <span
                  class="navds-radio__content"
                >
                  <span
                    class="navds-body-short"
                  >
                    radiobuttons.ja
                  </span>
                </span>
              </label>
            </div>
            <div
              class="radioBorder navds-radio navds-radio--medium"
            >
              <input
                aria-invalid="false"
                class="navds-radio__input"
                id="radio-r4"
                name="gravidEllerNyligFoedt"
                type="radio"
                value="radiobuttons.nei"
              />
              <label
                class="navds-radio__label"
                for="radio-r4"
              >
                <span
                  class="navds-radio__content"
                >
                  <span
                    class="navds-body-short"
                  >
                    radiobuttons.nei
                  </span>
                </span>
              </label>
            </div>
          </div>
          <div
            aria-live="polite"
            aria-relevant="additions removals"
            class="navds-fieldset__error"
            id="fieldset-error-r2"
          />
        </fieldset>
      </div>
    </div>
    <fieldset
      class="sc-beqWaB kWPIyU"
    >
      <div
        class="sc-gueYoa FJQFS undefined"
      >
        <button
          class="navds-button navds-button--primary navds-button--medium"
          type="button"
        >
          <span
            aria-live="polite"
            class="navds-label"
          >
            knapp.tilbake
          </span>
        </button>
        <button
          class="navds-button navds-button--primary navds-button--medium"
          type="button"
        >
          <span
            aria-live="polite"
            class="navds-label"
          >
            knapp.neste
          </span>
        </button>
      </div>
    </fieldset>
    <div
      class="sc-gueYoa sc-dmqHEX FJQFS fYyOWz"
    >
      <button
        class="navds-button navds-button--secondary navds-button--medium"
        id="avbryt-btn"
        type="button"
      >
        <span
          aria-live="polite"
          class="navds-label"
        >
          knapp.avbryt
        </span>
      </button>
    </div>
  </form>
</div>
`;
