// Jest Snapshot v1, https://goo.gl/fbAQLP

exports[`Om deg og avd√∏d Snapshot 1`] = `
<div>
  <div
    class="sc-hLseeU jLGscI"
  >
    <h1
      class="center navds-heading navds-heading--medium"
    >
      omDeg.tittel
    </h1>
  </div>
  <form>
    <fieldset
      class="sc-beqWaB kWPIyU"
    >
      <fieldset
        class="sc-beqWaB kWPIyU"
      >
        <div>
          <div
            class="navds-form-field navds-form-field--medium"
          >
            <label
              class="navds-form-field__label navds-label"
              for="alternativAdresse"
            >
              omDeg.alternativAdresse
            </label>
            <input
              aria-invalid="false"
              class="navds-text-field__input navds-body-short navds-body-medium"
              id="alternativAdresse"
              required=""
              type="text"
              value=""
            />
            <div
              aria-live="polite"
              aria-relevant="additions removals"
              class="navds-form-field__error"
              id="textField-error-r0"
            />
          </div>
        </div>
      </fieldset>
      <fieldset
        class="sc-beqWaB kWPIyU"
      >
        <div
          class="navds-grid"
        >
          <div
            class="navds-grid__cell navds-grid__cell--xs-12 navds-grid__cell--md-6 kol"
          >
            <div
              class="navds-form-field navds-form-field--medium"
            >
              <label
                class="navds-form-field__label navds-label"
                for="kontaktinfo.telefonnummer"
              >
                omDeg.kontaktinfo.telefonnummer
              </label>
              <input
                aria-invalid="false"
                class="navds-text-field__input navds-body-short navds-body-medium"
                id="kontaktinfo.telefonnummer"
                required=""
                size="25"
                type="text"
                value=""
              />
              <div
                aria-live="polite"
                aria-relevant="additions removals"
                class="navds-form-field__error"
                id="textField-error-r1"
              />
            </div>
          </div>
        </div>
      </fieldset>
    </fieldset>
    <fieldset
      class="sc-beqWaB kWPIyU"
    >
      <div
        class="sc-hLseeU jLGscI"
      >
        <div
          id="oppholderSegINorge"
        >
          <fieldset
            aria-invalid="false"
            class="sc-eDDNvR etxXkD navds-radio-group navds-radio-group--medium navds-fieldset navds-fieldset--medium"
          >
            <legend
              class="navds-fieldset__legend navds-label"
            >
              omDeg.oppholderSegINorge
            </legend>
            <div
              class="navds-fieldset__description navds-body-long navds-body-long--small"
              id="fieldset-description-r3"
            >
              <div>
                <button
                  aria-expanded="false"
                  class="sc-hAtEyd gExcfY"
                  data-testid="hvorforPanel_toggle"
                  type="button"
                >
                  <span>
                    hvorforSpoerVi
                  </span>
                  <span>
                    <svg
                      fill="none"
                      focusable="false"
                      height="1em"
                      role="img"
                      viewBox="0 0 24 24"
                      width="1em"
                      xmlns="http://www.w3.org/2000/svg"
                    >
                      <path
                        clip-rule="evenodd"
                        d="M12 17.414 4.293 9.707l1.414-1.414L12 14.586l6.293-6.293 1.414 1.414L12 17.414Z"
                        fill="currentColor"
                        fill-rule="evenodd"
                      />
                    </svg>
                  </span>
                </button>
              </div>
            </div>
            <div
              class="navds-radio-buttons"
            >
              <div
                class="radioBorder navds-radio navds-radio--medium"
              >
                <input
                  aria-invalid="false"
                  class="navds-radio__input"
                  id="radio-r5"
                  name="oppholderSegINorge"
                  type="radio"
                  value="radiobuttons.ja"
                />
                <label
                  class="navds-radio__label"
                  for="radio-r5"
                >
                  <span
                    class="navds-radio__content"
                  >
                    <span
                      class="navds-body-short"
                    >
                      radiobuttons.ja
                    </span>
                  </span>
                </label>
              </div>
              <div
                class="radioBorder navds-radio navds-radio--medium"
              >
                <input
                  aria-invalid="false"
                  class="navds-radio__input"
                  id="radio-r6"
                  name="oppholderSegINorge"
                  type="radio"
                  value="radiobuttons.nei"
                />
                <label
                  class="navds-radio__label"
                  for="radio-r6"
                >
                  <span
                    class="navds-radio__content"
                  >
                    <span
                      class="navds-body-short"
                    >
                      radiobuttons.nei
                    </span>
                  </span>
                </label>
              </div>
            </div>
            <div
              aria-live="polite"
              aria-relevant="additions removals"
              class="navds-fieldset__error"
              id="fieldset-error-r3"
            />
          </fieldset>
        </div>
      </div>
      <fieldset
        class="sc-beqWaB kWPIyU"
      >
        <div
          id="oppholdsland"
        >
          <div
            class="kol-50 navds-form-field navds-form-field--medium"
          >
            <label
              class="navds-form-field__label navds-label"
              for="textField-r7"
            >
              omDeg.oppholdsland
            </label>
            <div
              class="navds-select__container"
            >
              <select
                aria-invalid="false"
                class="navds-select__input navds-body-short navds-body--medium"
                id="textField-r7"
              >
                <option
                  value=""
                >
                  felles.velgLand
                </option>
              </select>
              <svg
                aria-hidden="true"
                class="navds-select__chevron"
                fill="none"
                focusable="false"
                height="1em"
                role="img"
                viewBox="0 0 24 24"
                width="1em"
                xmlns="http://www.w3.org/2000/svg"
              >
                <path
                  clip-rule="evenodd"
                  d="M12 17.414 4.293 9.707l1.414-1.414L12 14.586l6.293-6.293 1.414 1.414L12 17.414Z"
                  fill="currentColor"
                  fill-rule="evenodd"
                />
              </svg>
            </div>
            <div
              aria-live="polite"
              aria-relevant="additions removals"
              class="navds-form-field__error"
              id="textField-error-r7"
            />
          </div>
        </div>
      </fieldset>
      <div
        class="sc-hLseeU jLGscI"
      >
        <div
          id="utbetalingsInformasjon.bankkontoType"
        >
          <fieldset
            aria-invalid="false"
            class="sc-eDDNvR etxXkD navds-radio-group navds-radio-group--medium navds-fieldset navds-fieldset--medium"
          >
            <legend
              class="navds-fieldset__legend navds-label"
            >
              omDeg.utbetalingsInformasjon.bankkontoType
            </legend>
            <div
              class="navds-radio-buttons"
            >
              <div
                class="radioBorder navds-radio navds-radio--medium"
              >
                <input
                  aria-invalid="false"
                  class="navds-radio__input"
                  id="radio-rb"
                  name="utbetalingsInformasjon.bankkontoType"
                  type="radio"
                  value="bankkontoType.norsk"
                />
                <label
                  class="navds-radio__label"
                  for="radio-rb"
                >
                  <span
                    class="navds-radio__content"
                  >
                    <span
                      class="navds-body-short"
                    >
                      bankkontoType.norsk
                    </span>
                  </span>
                </label>
              </div>
              <div
                class="radioBorder navds-radio navds-radio--medium"
              >
                <input
                  aria-invalid="false"
                  class="navds-radio__input"
                  id="radio-rc"
                  name="utbetalingsInformasjon.bankkontoType"
                  type="radio"
                  value="bankkontoType.utenlandsk"
                />
                <label
                  class="navds-radio__label"
                  for="radio-rc"
                >
                  <span
                    class="navds-radio__content"
                  >
                    <span
                      class="navds-body-short"
                    >
                      bankkontoType.utenlandsk
                    </span>
                  </span>
                </label>
              </div>
            </div>
            <div
              aria-live="polite"
              aria-relevant="additions removals"
              class="navds-fieldset__error"
              id="fieldset-error-ra"
            />
          </fieldset>
        </div>
      </div>
      <div
        class="sc-hLseeU jLGscI"
      >
        <h1
          class="navds-heading navds-heading--small"
        >
          omDeg.utbetalingsInformasjon.tittel
        </h1>
      </div>
      <div
        class="sc-hLseeU jLGscI"
      >
        <div>
          <div
            class="navds-form-field navds-form-field--medium"
          >
            <label
              class="navds-form-field__label navds-label"
              for="utbetalingsInformasjon.utenlandskBankNavn"
            >
              omDeg.utbetalingsInformasjon.utenlandskBankNavn
            </label>
            <input
              aria-invalid="false"
              class="navds-text-field__input navds-body-short navds-body-medium"
              id="utbetalingsInformasjon.utenlandskBankNavn"
              required=""
              type="text"
              value=""
            />
            <div
              aria-live="polite"
              aria-relevant="additions removals"
              class="navds-form-field__error"
              id="textField-error-rd"
            />
          </div>
        </div>
      </div>
      <div
        class="sc-hLseeU jLGscI"
      >
        <div>
          <div
            class="navds-form-field navds-form-field--medium"
          >
            <label
              class="navds-form-field__label navds-label"
              for="utbetalingsInformasjon.utenlandskBankAdresse"
            >
              omDeg.utbetalingsInformasjon.utenlandskBankAdresse
            </label>
            <input
              aria-invalid="false"
              class="navds-text-field__input navds-body-short navds-body-medium"
              id="utbetalingsInformasjon.utenlandskBankAdresse"
              required=""
              type="text"
              value=""
            />
            <div
              aria-live="polite"
              aria-relevant="additions removals"
              class="navds-form-field__error"
              id="textField-error-re"
            />
          </div>
        </div>
      </div>
      <div
        class="sc-hLseeU jLGscI"
      >
        <div
          class="navds-form-field navds-form-field--medium"
        >
          <label
            class="navds-form-field__label navds-label"
            for="utbetalingsInformasjon.iban"
          >
            <div
              class="sc-ktEKTO DTLKX"
            >
              omDeg.utbetalingsInformasjon.iban
              ¬†
              <div
                class="navds-help-text"
              >
                <button
                  aria-expanded="false"
                  class="navds-help-text__button"
                  type="button"
                >
                  <svg
                    aria-labelledby="title-rg"
                    class="navds-help-text__icon"
                    fill="none"
                    focusable="false"
                    height="1em"
                    role="img"
                    viewBox="0 0 24 24"
                    width="1em"
                    xmlns="http://www.w3.org/2000/svg"
                  >
                    <title
                      id="title-rg"
                    >
                      hjelp
                    </title>
                    <path
                      clip-rule="evenodd"
                      d="M12 0c6.627 0 12 5.373 12 12s-5.373 12-12 12S0 18.627 0 12 5.373 0 12 0Zm0 2C6.477 2 2 6.477 2 12s4.477 10 10 10 10-4.477 10-10S17.523 2 12 2Zm0 14a1.5 1.5 0 1 1 0 3 1.5 1.5 0 0 1 0-3Zm0-11c2.205 0 4 1.657 4 3.693 0 .986-.416 1.914-1.172 2.612l-.593.54-.294.28c-.477.466-.869.94-.936 1.417l-.01.144v.814h-1.991v-.814c0-1.254.84-2.214 1.675-3.002l.74-.68c.38-.35.59-.816.59-1.31 0-1.024-.901-1.856-2.01-1.856-1.054 0-1.922.755-2.002 1.71l-.006.145H8C8 6.657 9.794 5 12 5Z"
                      fill="currentColor"
                      fill-rule="evenodd"
                    />
                  </svg>
                  <svg
                    aria-labelledby="title-rh"
                    class="navds-help-text__icon navds-help-text__icon--filled"
                    fill="none"
                    focusable="false"
                    height="1em"
                    role="img"
                    viewBox="0 0 24 24"
                    width="1em"
                    xmlns="http://www.w3.org/2000/svg"
                  >
                    <title
                      id="title-rh"
                    >
                      hjelp
                    </title>
                    <path
                      clip-rule="evenodd"
                      d="M12 0c6.627 0 12 5.373 12 12s-5.373 12-12 12S0 18.627 0 12 5.373 0 12 0Zm0 16a1.5 1.5 0 1 1 0 3 1.5 1.5 0 0 1 0-3Zm0-11c2.205 0 4 1.657 4 3.693 0 .986-.416 1.914-1.172 2.612l-.593.54-.294.28c-.477.466-.869.94-.936 1.417l-.01.144v.814h-1.991v-.814c0-1.254.84-2.214 1.675-3.002l.74-.68c.38-.35.59-.816.59-1.31 0-1.024-.901-1.856-2.01-1.856-1.054 0-1.922.755-2.002 1.71l-.006.145H8C8 6.657 9.794 5 12 5Z"
                      fill="currentColor"
                      fill-rule="evenodd"
                    />
                  </svg>
                </button>
                <div
                  aria-hidden="true"
                  class="navds-popover navds-help-text__popover navds-popover--hidden"
                  data-placement="top"
                  style="position: absolute; top: 0px; left: 0px;"
                  tabindex="-1"
                >
                  <div
                    class="navds-popover__content navds-body-short"
                  >
                    omDeg.utbetalingsInformasjon.ibanHjelpetekst
                  </div>
                  <div
                    class="navds-popover__arrow"
                    style="bottom: -0.5rem;"
                  />
                </div>
              </div>
            </div>
          </label>
          <input
            aria-invalid="false"
            class="navds-text-field__input navds-body-short navds-body-medium"
            id="utbetalingsInformasjon.iban"
            required=""
            size="40"
            type="text"
            value=""
          />
          <div
            aria-live="polite"
            aria-relevant="additions removals"
            class="navds-form-field__error"
            id="textField-error-rf"
          />
        </div>
      </div>
      <div
        class="sc-hLseeU jLGscI"
      >
        <div
          class="navds-form-field navds-form-field--medium"
        >
          <label
            class="navds-form-field__label navds-label"
            for="utbetalingsInformasjon.swift"
          >
            <div
              class="sc-ktEKTO DTLKX"
            >
              omDeg.utbetalingsInformasjon.swift
              ¬†
              <div
                class="navds-help-text"
              >
                <button
                  aria-expanded="false"
                  class="navds-help-text__button"
                  type="button"
                >
                  <svg
                    aria-labelledby="title-rj"
                    class="navds-help-text__icon"
                    fill="none"
                    focusable="false"
                    height="1em"
                    role="img"
                    viewBox="0 0 24 24"
                    width="1em"
                    xmlns="http://www.w3.org/2000/svg"
                  >
                    <title
                      id="title-rj"
                    >
                      hjelp
                    </title>
                    <path
                      clip-rule="evenodd"
                      d="M12 0c6.627 0 12 5.373 12 12s-5.373 12-12 12S0 18.627 0 12 5.373 0 12 0Zm0 2C6.477 2 2 6.477 2 12s4.477 10 10 10 10-4.477 10-10S17.523 2 12 2Zm0 14a1.5 1.5 0 1 1 0 3 1.5 1.5 0 0 1 0-3Zm0-11c2.205 0 4 1.657 4 3.693 0 .986-.416 1.914-1.172 2.612l-.593.54-.294.28c-.477.466-.869.94-.936 1.417l-.01.144v.814h-1.991v-.814c0-1.254.84-2.214 1.675-3.002l.74-.68c.38-.35.59-.816.59-1.31 0-1.024-.901-1.856-2.01-1.856-1.054 0-1.922.755-2.002 1.71l-.006.145H8C8 6.657 9.794 5 12 5Z"
                      fill="currentColor"
                      fill-rule="evenodd"
                    />
                  </svg>
                  <svg
                    aria-labelledby="title-rk"
                    class="navds-help-text__icon navds-help-text__icon--filled"
                    fill="none"
                    focusable="false"
                    height="1em"
                    role="img"
                    viewBox="0 0 24 24"
                    width="1em"
                    xmlns="http://www.w3.org/2000/svg"
                  >
                    <title
                      id="title-rk"
                    >
                      hjelp
                    </title>
                    <path
                      clip-rule="evenodd"
                      d="M12 0c6.627 0 12 5.373 12 12s-5.373 12-12 12S0 18.627 0 12 5.373 0 12 0Zm0 16a1.5 1.5 0 1 1 0 3 1.5 1.5 0 0 1 0-3Zm0-11c2.205 0 4 1.657 4 3.693 0 .986-.416 1.914-1.172 2.612l-.593.54-.294.28c-.477.466-.869.94-.936 1.417l-.01.144v.814h-1.991v-.814c0-1.254.84-2.214 1.675-3.002l.74-.68c.38-.35.59-.816.59-1.31 0-1.024-.901-1.856-2.01-1.856-1.054 0-1.922.755-2.002 1.71l-.006.145H8C8 6.657 9.794 5 12 5Z"
                      fill="currentColor"
                      fill-rule="evenodd"
                    />
                  </svg>
                </button>
                <div
                  aria-hidden="true"
                  class="navds-popover navds-help-text__popover navds-popover--hidden"
                  data-placement="top"
                  style="position: absolute; top: 0px; left: 0px;"
                  tabindex="-1"
                >
                  <div
                    class="navds-popover__content navds-body-short"
                  >
                    omDeg.utbetalingsInformasjon.swiftHjelpetekst
                  </div>
                  <div
                    class="navds-popover__arrow"
                    style="bottom: -0.5rem;"
                  />
                </div>
              </div>
            </div>
          </label>
          <input
            aria-invalid="false"
            class="navds-text-field__input navds-body-short navds-body-medium"
            id="utbetalingsInformasjon.swift"
            required=""
            size="25"
            type="text"
            value=""
          />
          <div
            aria-live="polite"
            aria-relevant="additions removals"
            class="navds-form-field__error"
            id="textField-error-ri"
          />
        </div>
      </div>
    </fieldset>
    <br />
    <fieldset
      class="sc-beqWaB kWPIyU"
    >
      <div
        class="sc-jTrPJq jHZtnl undefined"
      >
        <button
          class="navds-button navds-button--primary navds-button--medium"
          type="button"
        >
          <span
            aria-live="polite"
            class="navds-label"
          >
            knapp.neste
          </span>
        </button>
      </div>
    </fieldset>
    <div
      class="sc-jTrPJq sc-gLDzan jHZtnl kSyGVc"
    >
      <button
        class="navds-button navds-button--secondary navds-button--medium"
        id="avbryt-btn"
        type="button"
      >
        <span
          aria-live="polite"
          class="navds-label"
        >
          knapp.avbryt
        </span>
      </button>
    </div>
  </form>
</div>
`;
