// Jest Snapshot v1, https://goo.gl/fbAQLP

exports[`Oppsummering Snapshot 1`] = `
<div>
  <fieldset
    aria-invalid="false"
    class="skjemagruppe"
  >
    <h1
      class="center navds-heading navds-heading--medium"
    >
      oppsummering.tittel
    </h1>
    <div
      aria-live="polite"
    />
  </fieldset>
  <fieldset
    aria-invalid="false"
    class="skjemagruppe"
  >
    <p
      class="navds-body-long"
    >
      oppsummering.beskrivelse
    </p>
    <div
      aria-live="polite"
    />
  </fieldset>
  <br />
  <fieldset
    aria-invalid="false"
    class="skjemagruppe navigasjon-footer"
  >
    <div
      class="navigasjon-rad"
    >
      <button
        class="navds-button navds-button--primary navds-button--medium"
        type="button"
      >
        <span
          class="navds-button__inner navds-body-short"
        >
          knapp.tilbake
        </span>
      </button>
      <button
        class="navds-button navds-button--primary navds-button--medium"
        type="button"
      >
        <span
          class="navds-button__inner navds-body-short"
        >
          knapp.sendSoeknad
           
        </span>
      </button>
    </div>
    <div
      aria-live="polite"
    />
  </fieldset>
  <fieldset
    aria-invalid="false"
    class="skjemagruppe navigasjon-rad"
  >
    <button
      class="navds-button navds-button--secondary navds-button--medium"
      id="avbryt-btn"
      type="button"
    >
      <span
        class="navds-button__inner navds-body-short"
      >
        knapp.avbryt
      </span>
    </button>
    <div
      aria-live="polite"
    />
  </fieldset>
</div>
`;
