// Jest Snapshot v1, https://goo.gl/fbAQLP

exports[`Om den avd√∏de Snapshot 1`] = `
<div>
  <div
    class="sc-gueYoa qDReO"
  >
    <h1
      class="center navds-heading navds-heading--medium"
    >
      omDenAvdoede.tittel
    </h1>
  </div>
  <form>
    <fieldset
      class="sc-beqWaB kWPIyU"
    >
      <div
        class="sc-irTswW bebpDE"
      >
        <div
          class="kol"
        >
          <label
            class="navds-label"
          >
            omDenAvdoede.fornavn
          </label>
          <p
            class="navds-body-long"
          />
        </div>
        <div
          class="kol"
        >
          <label
            class="navds-label"
          >
            omDenAvdoede.etternavn
          </label>
          <p
            class="navds-body-long"
          />
        </div>
      </div>
      <div
        class="sc-gueYoa qDReO"
      >
        <div
          class="navds-grid"
          style="align-items: end;"
        >
          <div
            class="navds-grid__cell navds-grid__cell--xs-12 navds-grid__cell--md-6 kol"
          >
            <div
              class="navds-form-field navds-form-field--medium"
            >
              <label
                class="navds-form-field__label navds-label"
                for="foedselsnummer"
              >
                omDenAvdoede.foedselsnummer
              </label>
              <input
                aria-invalid="false"
                class="navds-text-field__input navds-body-short navds-body-medium"
                id="foedselsnummer"
                placeholder="felles.fnrPlaceholder"
                required=""
                type="tel"
                value=""
              />
              <div
                aria-live="polite"
                aria-relevant="additions removals"
                class="navds-form-field__error"
                id="textField-error-r0"
              />
            </div>
          </div>
          <div
            class="navds-grid__cell navds-grid__cell--xs-12 navds-grid__cell--md-6 kol"
          >
            <div
              id="statsborgerskap"
            >
              <div
                class="navds-form-field navds-form-field--medium"
              >
                <label
                  class="navds-form-field__label navds-label"
                  for="textField-r1"
                >
                  omDenAvdoede.statsborgerskap
                </label>
                <div
                  class="navds-select__container"
                >
                  <select
                    aria-invalid="false"
                    class="navds-select__input navds-body-short navds-body--medium"
                    id="textField-r1"
                  >
                    <option
                      value=""
                    >
                      felles.velgLand
                    </option>
                  </select>
                  <svg
                    aria-hidden="true"
                    class="navds-select__chevron"
                    fill="none"
                    focusable="false"
                    height="1em"
                    role="img"
                    viewBox="0 0 24 24"
                    width="1em"
                    xmlns="http://www.w3.org/2000/svg"
                  >
                    <path
                      clip-rule="evenodd"
                      d="M12 17.414 4.293 9.707l1.414-1.414L12 14.586l6.293-6.293 1.414 1.414L12 17.414Z"
                      fill="currentColor"
                      fill-rule="evenodd"
                    />
                  </svg>
                </div>
                <div
                  aria-live="polite"
                  aria-relevant="additions removals"
                  class="navds-form-field__error"
                  id="textField-error-r1"
                />
              </div>
            </div>
          </div>
        </div>
      </div>
    </fieldset>
    <fieldset
      class="sc-beqWaB kWPIyU"
    >
      <fieldset
        class="sc-beqWaB kWPIyU"
      >
        <h1
          class="navds-heading navds-heading--small"
        >
          omDenAvdoede.boddEllerJobbetUtland.tittel
        </h1>
        <p
          class="navds-body-long"
        >
          omDenAvdoede.boddEllerJobbetUtland.ingress
        </p>
      </fieldset>
      <div
        class="sc-gueYoa qDReO"
      >
        <div
          id="boddEllerJobbetUtland.svar"
        >
          <fieldset
            aria-invalid="false"
            class="sc-dmqHEX hKqYBB navds-radio-group navds-radio-group--medium navds-fieldset navds-fieldset--medium"
          >
            <legend
              class="navds-fieldset__legend navds-label"
            >
              omDenAvdoede.boddEllerJobbetUtland.svar
            </legend>
            <div
              class="navds-radio-buttons"
            >
              <div
                class="radioBorder navds-radio navds-radio--medium"
              >
                <input
                  aria-invalid="false"
                  class="navds-radio__input"
                  id="radio-r5"
                  name="boddEllerJobbetUtland.svar"
                  type="radio"
                  value="radiobuttons.ja"
                />
                <label
                  class="navds-radio__label"
                  for="radio-r5"
                >
                  <span
                    class="navds-radio__content"
                  >
                    <span
                      class="navds-body-short"
                    >
                      radiobuttons.ja
                    </span>
                  </span>
                </label>
              </div>
              <div
                class="radioBorder navds-radio navds-radio--medium"
              >
                <input
                  aria-invalid="false"
                  class="navds-radio__input"
                  id="radio-r6"
                  name="boddEllerJobbetUtland.svar"
                  type="radio"
                  value="radiobuttons.nei"
                />
                <label
                  class="navds-radio__label"
                  for="radio-r6"
                >
                  <span
                    class="navds-radio__content"
                  >
                    <span
                      class="navds-body-short"
                    >
                      radiobuttons.nei
                    </span>
                  </span>
                </label>
              </div>
              <div
                class="radioBorder navds-radio navds-radio--medium"
              >
                <input
                  aria-invalid="false"
                  class="navds-radio__input"
                  id="radio-r7"
                  name="boddEllerJobbetUtland.svar"
                  type="radio"
                  value="radiobuttons.vetIkke"
                />
                <label
                  class="navds-radio__label"
                  for="radio-r7"
                >
                  <span
                    class="navds-radio__content"
                  >
                    <span
                      class="navds-body-short"
                    >
                      radiobuttons.vetIkke
                    </span>
                  </span>
                </label>
              </div>
            </div>
            <div
              aria-live="polite"
              aria-relevant="additions removals"
              class="navds-fieldset__error"
              id="fieldset-error-r4"
            />
          </fieldset>
        </div>
      </div>
    </fieldset>
    <fieldset
      class="sc-beqWaB kWPIyU"
    >
      <fieldset
        class="sc-beqWaB kWPIyU"
      >
        <h1
          class="navds-heading navds-heading--small"
        >
          omDenAvdoede.selvstendigNaeringsdrivende.tittel
        </h1>
        <p
          class="navds-body-long"
        >
          omDenAvdoede.selvstendigNaeringsdrivende.ingress
        </p>
      </fieldset>
      <div
        class="sc-gueYoa qDReO"
      >
        <div
          id="selvstendigNaeringsdrivende.svar"
        >
          <fieldset
            aria-invalid="false"
            class="sc-dmqHEX hKqYBB navds-radio-group navds-radio-group--medium navds-fieldset navds-fieldset--medium"
          >
            <legend
              class="navds-fieldset__legend navds-label"
            >
              omDenAvdoede.selvstendigNaeringsdrivende.svar
            </legend>
            <div
              class="navds-radio-buttons"
            >
              <div
                class="radioBorder navds-radio navds-radio--medium"
              >
                <input
                  aria-invalid="false"
                  class="navds-radio__input"
                  id="radio-ra"
                  name="selvstendigNaeringsdrivende.svar"
                  type="radio"
                  value="radiobuttons.ja"
                />
                <label
                  class="navds-radio__label"
                  for="radio-ra"
                >
                  <span
                    class="navds-radio__content"
                  >
                    <span
                      class="navds-body-short"
                    >
                      radiobuttons.ja
                    </span>
                  </span>
                </label>
              </div>
              <div
                class="radioBorder navds-radio navds-radio--medium"
              >
                <input
                  aria-invalid="false"
                  class="navds-radio__input"
                  id="radio-rb"
                  name="selvstendigNaeringsdrivende.svar"
                  type="radio"
                  value="radiobuttons.nei"
                />
                <label
                  class="navds-radio__label"
                  for="radio-rb"
                >
                  <span
                    class="navds-radio__content"
                  >
                    <span
                      class="navds-body-short"
                    >
                      radiobuttons.nei
                    </span>
                  </span>
                </label>
              </div>
              <div
                class="radioBorder navds-radio navds-radio--medium"
              >
                <input
                  aria-invalid="false"
                  class="navds-radio__input"
                  id="radio-rc"
                  name="selvstendigNaeringsdrivende.svar"
                  type="radio"
                  value="radiobuttons.vetIkke"
                />
                <label
                  class="navds-radio__label"
                  for="radio-rc"
                >
                  <span
                    class="navds-radio__content"
                  >
                    <span
                      class="navds-body-short"
                    >
                      radiobuttons.vetIkke
                    </span>
                  </span>
                </label>
              </div>
            </div>
            <div
              aria-live="polite"
              aria-relevant="additions removals"
              class="navds-fieldset__error"
              id="fieldset-error-r9"
            />
          </fieldset>
        </div>
      </div>
    </fieldset>
    <fieldset
      class="sc-beqWaB kWPIyU"
    >
      <fieldset
        class="sc-beqWaB kWPIyU"
      >
        <h1
          class="navds-heading navds-heading--small"
        >
          omDenAvdoede.annenOpptjening.tittel
        </h1>
      </fieldset>
      <fieldset
        class="sc-beqWaB kWPIyU"
      >
        <div
          id="doedsfallAarsak"
        >
          <fieldset
            aria-invalid="false"
            class="sc-dmqHEX hKqYBB navds-radio-group navds-radio-group--medium navds-fieldset navds-fieldset--medium"
          >
            <legend
              class="navds-fieldset__legend navds-label"
            >
              omDenAvdoede.doedsfallAarsak
            </legend>
            <div
              class="navds-fieldset__description navds-body-long navds-body-long--small"
              id="fieldset-description-re"
            >
              <div>
                <button
                  aria-expanded="false"
                  class="sc-jTrPJq jajYxi"
                  data-testid="hvorforPanel_toggle"
                  type="button"
                >
                  <span>
                    hvorforSpoerVi
                  </span>
                  <span>
                    <svg
                      fill="none"
                      focusable="false"
                      height="1em"
                      role="img"
                      viewBox="0 0 24 24"
                      width="1em"
                      xmlns="http://www.w3.org/2000/svg"
                    >
                      <path
                        clip-rule="evenodd"
                        d="M12 17.414 4.293 9.707l1.414-1.414L12 14.586l6.293-6.293 1.414 1.414L12 17.414Z"
                        fill="currentColor"
                        fill-rule="evenodd"
                      />
                    </svg>
                  </span>
                </button>
              </div>
            </div>
            <div
              class="navds-radio-buttons"
            >
              <div
                class="radioBorder navds-radio navds-radio--medium"
              >
                <input
                  aria-invalid="false"
                  class="navds-radio__input"
                  id="radio-rg"
                  name="doedsfallAarsak"
                  type="radio"
                  value="radiobuttons.ja"
                />
                <label
                  class="navds-radio__label"
                  for="radio-rg"
                >
                  <span
                    class="navds-radio__content"
                  >
                    <span
                      class="navds-body-short"
                    >
                      radiobuttons.ja
                    </span>
                  </span>
                </label>
              </div>
              <div
                class="radioBorder navds-radio navds-radio--medium"
              >
                <input
                  aria-invalid="false"
                  class="navds-radio__input"
                  id="radio-rh"
                  name="doedsfallAarsak"
                  type="radio"
                  value="radiobuttons.nei"
                />
                <label
                  class="navds-radio__label"
                  for="radio-rh"
                >
                  <span
                    class="navds-radio__content"
                  >
                    <span
                      class="navds-body-short"
                    >
                      radiobuttons.nei
                    </span>
                  </span>
                </label>
              </div>
              <div
                class="radioBorder navds-radio navds-radio--medium"
              >
                <input
                  aria-invalid="false"
                  class="navds-radio__input"
                  id="radio-ri"
                  name="doedsfallAarsak"
                  type="radio"
                  value="radiobuttons.vetIkke"
                />
                <label
                  class="navds-radio__label"
                  for="radio-ri"
                >
                  <span
                    class="navds-radio__content"
                  >
                    <span
                      class="navds-body-short"
                    >
                      radiobuttons.vetIkke
                    </span>
                  </span>
                </label>
              </div>
            </div>
            <div
              aria-live="polite"
              aria-relevant="additions removals"
              class="navds-fieldset__error"
              id="fieldset-error-re"
            />
          </fieldset>
        </div>
      </fieldset>
    </fieldset>
    <fieldset
      class="sc-beqWaB kWPIyU"
    >
      <div
        class="sc-gLDzan fLzQVw undefined"
      >
        <button
          class="navds-button navds-button--primary navds-button--medium"
          type="button"
        >
          <span
            aria-live="polite"
            class="navds-label"
          >
            knapp.tilbake
          </span>
        </button>
        <button
          class="navds-button navds-button--primary navds-button--medium"
          type="button"
        >
          <span
            aria-live="polite"
            class="navds-label"
          >
            knapp.neste
          </span>
        </button>
      </div>
    </fieldset>
    <div
      class="sc-gLDzan sc-iAEyYk fLzQVw kydDIA"
    >
      <button
        class="navds-button navds-button--secondary navds-button--medium"
        id="avbryt-btn"
        type="button"
      >
        <span
          aria-live="polite"
          class="navds-label"
        >
          knapp.avbryt
        </span>
      </button>
    </div>
  </form>
</div>
`;
