// Jest Snapshot v1, https://goo.gl/fbAQLP

exports[`Om den avd√∏de Snapshot 1`] = `
<div>
  <fieldset
    aria-invalid="false"
    class="skjemagruppe center"
  >
    <h1
      class="navds-heading navds-heading--medium"
    >
      omDenAvdoede.tittel
    </h1>
    <div
      aria-live="polite"
    />
  </fieldset>
  <form>
    <fieldset
      aria-invalid="false"
      class="skjemagruppe skjemagruppering"
    >
      <fieldset
        aria-invalid="false"
        class="skjemagruppe rad"
      >
        <div
          class="kolonne"
        >
          <p
            class="navds-label"
          >
            omDenAvdoede.fornavn
          </p>
          <p
            class="navds-body-long"
          />
        </div>
        <div
          class="kolonne"
        >
          <p
            class="navds-label"
          >
            omDenAvdoede.etternavn
          </p>
          <p
            class="navds-body-long"
          />
        </div>
        <div
          aria-live="polite"
        />
      </fieldset>
      <fieldset
        aria-invalid="false"
        class="skjemagruppe"
      >
        <div
          class="navds-grid"
          style="align-items: end;"
        >
          <div
            class="navds-grid__cell navds-grid__cell--xs-12 navds-grid__cell--md-6 kol"
          >
            <div
              class="skjemaelement"
            >
              <label
                class="skjemaelement__label"
                for="foedselsnummer"
              >
                omDenAvdoede.foedselsnummer
              </label>
              <input
                aria-invalid="false"
                class="skjemaelement__input input--fullbredde"
                id="foedselsnummer"
                placeholder="felles.fnrPlaceholder"
                required=""
                type="tel"
                value=""
              />
            </div>
          </div>
          <div
            class="navds-grid__cell navds-grid__cell--xs-12 navds-grid__cell--md-6 kol"
          >
            <div
              id="statsborgerskap"
            >
              <div
                class="skjemaelement"
              >
                <label
                  class="skjemaelement__label"
                >
                  omDenAvdoede.statsborgerskap
                </label>
                <div
                  class="selectContainer input--l"
                >
                  <select
                    aria-invalid="false"
                    class="skjemaelement__input"
                  >
                    <option
                      value=""
                    >
                      felles.velgLand
                    </option>
                  </select>
                </div>
              </div>
            </div>
          </div>
        </div>
        <div
          aria-live="polite"
        />
      </fieldset>
      <div
        aria-live="polite"
      />
    </fieldset>
    <fieldset
      aria-invalid="false"
      class="skjemagruppe skjemagruppering"
    >
      <fieldset
        aria-invalid="false"
        class="skjemagruppe ingress"
      >
        <h1
          class="navds-heading navds-heading--small"
        >
          omDenAvdoede.boddEllerJobbetUtland.tittel
        </h1>
        <p
          class="navds-body-long"
        >
          omDenAvdoede.boddEllerJobbetUtland.ingress
        </p>
        <div
          aria-live="polite"
        />
      </fieldset>
      <div
        id="boddEllerJobbetUtland.svar"
      >
        <fieldset
          aria-invalid="false"
          class="skjemagruppe inputPanelGruppe inline"
        >
          <legend
            class="skjemagruppe__legend"
          >
            omDenAvdoede.boddEllerJobbetUtland.svar
          </legend>
          <div
            class="inputPanelGruppe__inner"
          >
            <label
              class="inputPanel radioPanel"
            >
              <input
                aria-checked="false"
                aria-invalid="false"
                class="inputPanel__field"
                name="boddEllerJobbetUtland.svar"
                required=""
                type="radio"
                value="radiobuttons.ja"
              />
              <span
                class="inputPanel__label"
              >
                radiobuttons.ja
              </span>
            </label>
            <label
              class="inputPanel radioPanel"
            >
              <input
                aria-checked="false"
                aria-invalid="false"
                class="inputPanel__field"
                name="boddEllerJobbetUtland.svar"
                required=""
                type="radio"
                value="radiobuttons.nei"
              />
              <span
                class="inputPanel__label"
              >
                radiobuttons.nei
              </span>
            </label>
            <label
              class="inputPanel radioPanel"
            >
              <input
                aria-checked="false"
                aria-invalid="false"
                class="inputPanel__field"
                name="boddEllerJobbetUtland.svar"
                required=""
                type="radio"
                value="radiobuttons.vetIkke"
              />
              <span
                class="inputPanel__label"
              >
                radiobuttons.vetIkke
              </span>
            </label>
          </div>
          <div
            aria-live="polite"
          />
        </fieldset>
      </div>
      <div
        aria-live="polite"
      />
    </fieldset>
    <fieldset
      aria-invalid="false"
      class="skjemagruppe skjemagruppering"
    >
      <fieldset
        aria-invalid="false"
        class="skjemagruppe ingress"
      >
        <h1
          class="navds-heading navds-heading--small"
        >
          omDenAvdoede.selvstendigNaeringsdrivende.tittel
        </h1>
        <p
          class="navds-body-long"
        >
          omDenAvdoede.selvstendigNaeringsdrivende.ingress
        </p>
        <div
          aria-live="polite"
        />
      </fieldset>
      <div
        id="selvstendigNaeringsdrivende.svar"
      >
        <fieldset
          aria-invalid="false"
          class="skjemagruppe inputPanelGruppe inline"
        >
          <legend
            class="skjemagruppe__legend"
          >
            omDenAvdoede.selvstendigNaeringsdrivende.svar
          </legend>
          <div
            class="inputPanelGruppe__inner"
          >
            <label
              class="inputPanel radioPanel"
            >
              <input
                aria-checked="false"
                aria-invalid="false"
                class="inputPanel__field"
                name="selvstendigNaeringsdrivende.svar"
                required=""
                type="radio"
                value="radiobuttons.ja"
              />
              <span
                class="inputPanel__label"
              >
                radiobuttons.ja
              </span>
            </label>
            <label
              class="inputPanel radioPanel"
            >
              <input
                aria-checked="false"
                aria-invalid="false"
                class="inputPanel__field"
                name="selvstendigNaeringsdrivende.svar"
                required=""
                type="radio"
                value="radiobuttons.nei"
              />
              <span
                class="inputPanel__label"
              >
                radiobuttons.nei
              </span>
            </label>
            <label
              class="inputPanel radioPanel"
            >
              <input
                aria-checked="false"
                aria-invalid="false"
                class="inputPanel__field"
                name="selvstendigNaeringsdrivende.svar"
                required=""
                type="radio"
                value="radiobuttons.vetIkke"
              />
              <span
                class="inputPanel__label"
              >
                radiobuttons.vetIkke
              </span>
            </label>
          </div>
          <div
            aria-live="polite"
          />
        </fieldset>
      </div>
      <div
        aria-live="polite"
      />
    </fieldset>
    <fieldset
      aria-invalid="false"
      class="skjemagruppe skjemagruppering"
    >
      <fieldset
        aria-invalid="false"
        class="skjemagruppe ingress"
      >
        <h1
          class="navds-heading navds-heading--small"
        >
          omDenAvdoede.annenOpptjening.tittel
        </h1>
        <div
          aria-live="polite"
        />
      </fieldset>
      <fieldset
        aria-invalid="false"
        class="skjemagruppe"
      >
        <div
          id="doedsfallAarsak"
        >
          <fieldset
            aria-invalid="false"
            class="skjemagruppe inputPanelGruppe inline"
          >
            <legend
              class="skjemagruppe__legend"
            >
              omDenAvdoede.doedsfallAarsak
            </legend>
            <div
              class="skjemagruppe__description"
            >
              <div
                class="hvorforPanel"
              >
                <button
                  aria-expanded="false"
                  class="hvorforPanel__toggle"
                  data-testid="hvorforPanel_toggle"
                  type="button"
                >
                  <span>
                    hvorforSpoerVi
                  </span>
                  <span>
                    <svg
                      fill="none"
                      height="1em"
                      viewBox="0 0 24 24"
                      width="1em"
                      xmlns="http://www.w3.org/2000/svg"
                    >
                      <path
                        clip-rule="evenodd"
                        d="M12 17L3 8.429 4.5 7l7.5 7.143L19.5 7 21 8.429 12 17z"
                        fill="currentColor"
                        fill-rule="evenodd"
                      />
                    </svg>
                  </span>
                </button>
              </div>
            </div>
            <div
              class="inputPanelGruppe__inner"
            >
              <label
                class="inputPanel radioPanel"
              >
                <input
                  aria-checked="false"
                  aria-invalid="false"
                  class="inputPanel__field"
                  name="doedsfallAarsak"
                  required=""
                  type="radio"
                  value="radiobuttons.ja"
                />
                <span
                  class="inputPanel__label"
                >
                  radiobuttons.ja
                </span>
              </label>
              <label
                class="inputPanel radioPanel"
              >
                <input
                  aria-checked="false"
                  aria-invalid="false"
                  class="inputPanel__field"
                  name="doedsfallAarsak"
                  required=""
                  type="radio"
                  value="radiobuttons.nei"
                />
                <span
                  class="inputPanel__label"
                >
                  radiobuttons.nei
                </span>
              </label>
              <label
                class="inputPanel radioPanel"
              >
                <input
                  aria-checked="false"
                  aria-invalid="false"
                  class="inputPanel__field"
                  name="doedsfallAarsak"
                  required=""
                  type="radio"
                  value="radiobuttons.vetIkke"
                />
                <span
                  class="inputPanel__label"
                >
                  radiobuttons.vetIkke
                </span>
              </label>
            </div>
            <div
              aria-live="polite"
            />
          </fieldset>
        </div>
        <div
          aria-live="polite"
        />
      </fieldset>
      <div
        id="harAvtjentMilitaerTjeneste.svar"
      >
        <fieldset
          aria-invalid="false"
          class="skjemagruppe inputPanelGruppe inline"
        >
          <legend
            class="skjemagruppe__legend"
          >
            omDenAvdoede.harAvtjentMilitaerTjeneste.svar
          </legend>
          <div
            class="skjemagruppe__description"
          >
            <div
              class="hvorforPanel"
            >
              <button
                aria-expanded="false"
                class="hvorforPanel__toggle"
                data-testid="hvorforPanel_toggle"
                type="button"
              >
                <span>
                  hvorforSpoerVi
                </span>
                <span>
                  <svg
                    fill="none"
                    height="1em"
                    viewBox="0 0 24 24"
                    width="1em"
                    xmlns="http://www.w3.org/2000/svg"
                  >
                    <path
                      clip-rule="evenodd"
                      d="M12 17L3 8.429 4.5 7l7.5 7.143L19.5 7 21 8.429 12 17z"
                      fill="currentColor"
                      fill-rule="evenodd"
                    />
                  </svg>
                </span>
              </button>
            </div>
          </div>
          <div
            class="inputPanelGruppe__inner"
          >
            <label
              class="inputPanel radioPanel"
            >
              <input
                aria-checked="false"
                aria-invalid="false"
                class="inputPanel__field"
                name="harAvtjentMilitaerTjeneste.svar"
                required=""
                type="radio"
                value="radiobuttons.ja"
              />
              <span
                class="inputPanel__label"
              >
                radiobuttons.ja
              </span>
            </label>
            <label
              class="inputPanel radioPanel"
            >
              <input
                aria-checked="false"
                aria-invalid="false"
                class="inputPanel__field"
                name="harAvtjentMilitaerTjeneste.svar"
                required=""
                type="radio"
                value="radiobuttons.nei"
              />
              <span
                class="inputPanel__label"
              >
                radiobuttons.nei
              </span>
            </label>
            <label
              class="inputPanel radioPanel"
            >
              <input
                aria-checked="false"
                aria-invalid="false"
                class="inputPanel__field"
                name="harAvtjentMilitaerTjeneste.svar"
                required=""
                type="radio"
                value="radiobuttons.vetIkke"
              />
              <span
                class="inputPanel__label"
              >
                radiobuttons.vetIkke
              </span>
            </label>
          </div>
          <div
            aria-live="polite"
          />
        </fieldset>
      </div>
      <div
        aria-live="polite"
      />
    </fieldset>
    <fieldset
      aria-invalid="false"
      class="skjemagruppe navigasjon-footer"
    >
      <div
        class="navigasjon-rad"
      >
        <button
          class="navds-button navds-button--primary navds-button--medium"
          type="button"
        >
          <span
            class="navds-button__inner navds-body-short"
          >
            knapp.tilbake
          </span>
        </button>
        <button
          class="navds-button navds-button--primary navds-button--medium"
          type="button"
        >
          <span
            class="navds-button__inner navds-body-short"
          >
            knapp.neste
          </span>
        </button>
      </div>
      <div
        aria-live="polite"
      />
    </fieldset>
    <fieldset
      aria-invalid="false"
      class="skjemagruppe navigasjon-rad"
    >
      <button
        class="navds-button navds-button--secondary navds-button--medium"
        id="avbryt-btn"
        type="button"
      >
        <span
          class="navds-button__inner navds-body-short"
        >
          knapp.avbryt
        </span>
      </button>
      <div
        aria-live="polite"
      />
    </fieldset>
  </form>
</div>
`;
